Using launch settings from D:\1.DH\3.PT-BE\TH-final\NguyenVietTuanAnh0204068De1\Properties\launchSettings.json...
Building...
info: Microsoft.EntityFrameworkCore.Database.Command[20101]
      Executed DbCommand (23ms) [Parameters=[], CommandType='Text', CommandTimeout='30']
      PRAGMA journal_mode = 'wal';
info: Microsoft.EntityFrameworkCore.Database.Command[20101]
      Executed DbCommand (1ms) [Parameters=[], CommandType='Text', CommandTimeout='30']
      CREATE TABLE "DoanhNghieps" (
          "Id" INTEGER NOT NULL CONSTRAINT "PK_DoanhNghieps" PRIMARY KEY AUTOINCREMENT,
          "TenDoanhNghiep" TEXT NOT NULL,
          "MaSoThue" TEXT NOT NULL,
          "DiaChi" TEXT NULL
      );
info: Microsoft.EntityFrameworkCore.Database.Command[20101]
      Executed DbCommand (0ms) [Parameters=[], CommandType='Text', CommandTimeout='30']
      CREATE TABLE "SanPhams" (
          "Id" INTEGER NOT NULL CONSTRAINT "PK_SanPhams" PRIMARY KEY AUTOINCREMENT,
          "TenSanPham" TEXT NOT NULL,
          "MaSanPham" TEXT NOT NULL,
          "NgayNhap" TEXT NOT NULL
      );
info: Microsoft.EntityFrameworkCore.Database.Command[20101]
      Executed DbCommand (0ms) [Parameters=[], CommandType='Text', CommandTimeout='30']
      CREATE TABLE "DoanhNghiepSanPhams" (
          "DoanhNghiepId" INTEGER NOT NULL,
          "SanPhamId" INTEGER NOT NULL,
          "SoLuong" INTEGER NOT NULL DEFAULT 0,
          CONSTRAINT "PK_DoanhNghiepSanPhams" PRIMARY KEY ("DoanhNghiepId", "SanPhamId"),
          CONSTRAINT "FK_DoanhNghiepSanPhams_DoanhNghieps_DoanhNghiepId" FOREIGN KEY ("DoanhNghiepId") REFERENCES "DoanhNghieps" ("Id") ON DELETE RESTRICT,
          CONSTRAINT "FK_DoanhNghiepSanPhams_SanPhams_SanPhamId" FOREIGN KEY ("SanPhamId") REFERENCES "SanPhams" ("Id") ON DELETE RESTRICT
      );
info: Microsoft.EntityFrameworkCore.Database.Command[20101]
      Executed DbCommand (0ms) [Parameters=[], CommandType='Text', CommandTimeout='30']
      CREATE UNIQUE INDEX "UQ_DoanhNghieps_MaSoThue" ON "DoanhNghieps" ("MaSoThue");
info: Microsoft.EntityFrameworkCore.Database.Command[20101]
      Executed DbCommand (0ms) [Parameters=[], CommandType='Text', CommandTimeout='30']
      CREATE UNIQUE INDEX "UQ_DoanhNghieps_TenDoanhNghiep" ON "DoanhNghieps" ("TenDoanhNghiep");
info: Microsoft.EntityFrameworkCore.Database.Command[20101]
      Executed DbCommand (0ms) [Parameters=[], CommandType='Text', CommandTimeout='30']
      CREATE INDEX "IX_DoanhNghiepSanPhams_SanPhamId" ON "DoanhNghiepSanPhams" ("SanPhamId");
info: Microsoft.EntityFrameworkCore.Database.Command[20101]
      Executed DbCommand (0ms) [Parameters=[], CommandType='Text', CommandTimeout='30']
      CREATE UNIQUE INDEX "UQ_SanPhams_MaSanPham" ON "SanPhams" ("MaSanPham");
info: Microsoft.EntityFrameworkCore.Database.Command[20101]
      Executed DbCommand (0ms) [Parameters=[], CommandType='Text', CommandTimeout='30']
      CREATE UNIQUE INDEX "UQ_SanPhams_TenSanPham" ON "SanPhams" ("TenSanPham");
info: Microsoft.EntityFrameworkCore.Database.Command[20101]
      Executed DbCommand (1ms) [Parameters=[], CommandType='Text', CommandTimeout='30']
      SELECT EXISTS (
          SELECT 1
          FROM "DoanhNghieps" AS "d")
info: Microsoft.EntityFrameworkCore.Database.Command[20101]
      Executed DbCommand (9ms) [Parameters=[@p0='?' (Size = 6), @p1='?' (Size = 10), @p2='?' (Size = 9)], CommandType='Text', CommandTimeout='30']
      INSERT INTO "DoanhNghieps" ("DiaChi", "MaSoThue", "TenDoanhNghiep")
      VALUES (@p0, @p1, @p2)
      RETURNING "Id";
info: Microsoft.EntityFrameworkCore.Database.Command[20101]
      Executed DbCommand (0ms) [Parameters=[@p0='?' (Size = 6), @p1='?' (Size = 10), @p2='?' (Size = 9)], CommandType='Text', CommandTimeout='30']
      INSERT INTO "DoanhNghieps" ("DiaChi", "MaSoThue", "TenDoanhNghiep")
      VALUES (@p0, @p1, @p2)
      RETURNING "Id";
info: Microsoft.EntityFrameworkCore.Database.Command[20101]
      Executed DbCommand (5ms) [Parameters=[@p0='?' (Size = 5), @p1='?' (DbType = DateTime), @p2='?' (Size = 11)], CommandType='Text', CommandTimeout='30']
      INSERT INTO "SanPhams" ("MaSanPham", "NgayNhap", "TenSanPham")
      VALUES (@p0, @p1, @p2)
      RETURNING "Id";
info: Microsoft.EntityFrameworkCore.Database.Command[20101]
      Executed DbCommand (0ms) [Parameters=[@p0='?' (Size = 5), @p1='?' (DbType = DateTime), @p2='?' (Size = 11)], CommandType='Text', CommandTimeout='30']
      INSERT INTO "SanPhams" ("MaSanPham", "NgayNhap", "TenSanPham")
      VALUES (@p0, @p1, @p2)
      RETURNING "Id";
info: Microsoft.EntityFrameworkCore.Database.Command[20101]
      Executed DbCommand (1ms) [Parameters=[@p0='?' (DbType = Int32), @p1='?' (DbType = Int32), @p2='?' (DbType = Int32)], CommandType='Text', CommandTimeout='30']
      INSERT INTO "DoanhNghiepSanPhams" ("DoanhNghiepId", "SanPhamId", "SoLuong")
      VALUES (@p0, @p1, @p2);
info: Microsoft.EntityFrameworkCore.Database.Command[20101]
      Executed DbCommand (0ms) [Parameters=[@p0='?' (DbType = Int32), @p1='?' (DbType = Int32), @p2='?' (DbType = Int32)], CommandType='Text', CommandTimeout='30']
      INSERT INTO "DoanhNghiepSanPhams" ("DoanhNghiepId", "SanPhamId", "SoLuong")
      VALUES (@p0, @p1, @p2);
info: Microsoft.EntityFrameworkCore.Database.Command[20101]
      Executed DbCommand (0ms) [Parameters=[@p0='?' (DbType = Int32), @p1='?' (DbType = Int32), @p2='?' (DbType = Int32)], CommandType='Text', CommandTimeout='30']
      INSERT INTO "DoanhNghiepSanPhams" ("DoanhNghiepId", "SanPhamId", "SoLuong")
      VALUES (@p0, @p1, @p2);
info: Microsoft.EntityFrameworkCore.Database.Command[20101]
      Executed DbCommand (0ms) [Parameters=[@p0='?' (DbType = Int32), @p1='?' (DbType = Int32), @p2='?' (DbType = Int32)], CommandType='Text', CommandTimeout='30']
      INSERT INTO "DoanhNghiepSanPhams" ("DoanhNghiepId", "SanPhamId", "SoLuong")
      VALUES (@p0, @p1, @p2);
info: Microsoft.Hosting.Lifetime[14]
      Now listening on: http://localhost:5000
info: Microsoft.Hosting.Lifetime[0]
      Application started. Press Ctrl+C to shut down.
info: Microsoft.Hosting.Lifetime[0]
      Hosting environment: Development
info: Microsoft.Hosting.Lifetime[0]
      Content root path: D:\1.DH\3.PT-BE\TH-final\NguyenVietTuanAnh0204068De1
